(01,02,03,04,05).agr	"Farms",
(25,01).fof	"Forestry, fishing, and related activities",
(17,18).oil	"Oil and gas extraction",
(10,11,12,13,14).min	"Mining, except oil and gas",
26.wpd	"Wood products",
31.nmp	"Nonmetallic mineral products",
32.pmt	"Primary metals",
33.fmt	"Fabricated metal products",
34.mch	"Machinery",
35.cep	"Computer and electronic products",
35.eec	"Electrical equipment, appliances, and components",
36.mot	"Motor vehicles, bodies and trailers, and parts manufacturing",
37.ote	"Other transportation equipment",
39.fpd	"Furniture and related products",
(38,40).mmf	"Miscellaneous manufacturing",
(04,05,06,07,08,09).fbp	"Food and beverage and tobacco products",
30.tex	"Textile mills and textile product mills",
30.alt	"Apparel and leather and allied products",
(27,28).ppd	"Paper products",
29.pri	"Printing and related support activities",
19.pet	"Petroleum and coal products",
(20,21,22,23).che	"Chemical products",
24.pla	"Plastics and rubber products",
41.use	"Scrap, used and secondhand goods"