pce.C "Personal consumption expenditures",
structures.I "Nonresidential private fixed investment in structures",
equipment.I "Nonresidential private fixed investment in equipment",
intelprop.I "Nonresidential private fixed investment in intellectual",
residential.I "Residential private fixed investment",
changinv.I "Change in private inventories",
defense.G "National defense: Consumption expenditures",
def_structures.G "Federal national defense: Gross investment in structures",
def_equipment.G "Federal national defense: Gross investment in equipment",
def_intelprop.G "Federal national defense: Gross investment in intellectual",
nondefense.G "Nondefense: Consumption expenditures",
fed_structures.G "Federal nondefense: Gross investment in structures",
fed_equipment.G "Federal nondefense: Gross investment in equipment",
fed_intelprop.G "Federal nondefense: Gross investment in intellectual prop",
state_consume.G "State and local government consumption expenditures",
state_invest.G "State and local: Gross investment in structures",
state_equipment.G "State and local: Gross investment in equipment",
state_intelprop.G "State and local: Gross investment in intellectual"